j:\c\rayenginetest\out\lualib.pdb
j:\c\rayenginetest\out\lualib.idb
j:\c\rayenginetest\lualib\x64\debug\lopcodes.obj
j:\c\rayenginetest\lualib\x64\debug\lobject.obj
j:\c\rayenginetest\lualib\x64\debug\loadlib.obj
j:\c\rayenginetest\lualib\x64\debug\lmem.obj
j:\c\rayenginetest\lualib\x64\debug\lmathlib.obj
j:\c\rayenginetest\lualib\x64\debug\llex.obj
j:\c\rayenginetest\lualib\x64\debug\liolib.obj
j:\c\rayenginetest\lualib\x64\debug\linit.obj
j:\c\rayenginetest\lualib\x64\debug\lgc.obj
j:\c\rayenginetest\lualib\x64\debug\lfunc.obj
j:\c\rayenginetest\lualib\x64\debug\ldump.obj
j:\c\rayenginetest\lualib\x64\debug\ldo.obj
j:\c\rayenginetest\lualib\x64\debug\ldebug.obj
j:\c\rayenginetest\lualib\x64\debug\ldblib.obj
j:\c\rayenginetest\lualib\x64\debug\lctype.obj
j:\c\rayenginetest\lualib\x64\debug\lcorolib.obj
j:\c\rayenginetest\lualib\x64\debug\lcode.obj
j:\c\rayenginetest\lualib\x64\debug\lbaselib.obj
j:\c\rayenginetest\lualib\x64\debug\lauxlib.obj
j:\c\rayenginetest\lualib\x64\debug\lapi.obj
j:\c\rayenginetest\lualib\x64\debug\yxlib.obj
j:\c\rayenginetest\lualib\x64\debug\wonkmy.obj
j:\c\rayenginetest\lualib\x64\debug\lzio.obj
j:\c\rayenginetest\lualib\x64\debug\lvm.obj
j:\c\rayenginetest\lualib\x64\debug\lutf8lib.obj
j:\c\rayenginetest\lualib\x64\debug\lundump.obj
j:\c\rayenginetest\lualib\x64\debug\luac.obj
j:\c\rayenginetest\lualib\x64\debug\ltm.obj
j:\c\rayenginetest\lualib\x64\debug\ltablib.obj
j:\c\rayenginetest\lualib\x64\debug\ltable.obj
j:\c\rayenginetest\lualib\x64\debug\lstrlib.obj
j:\c\rayenginetest\lualib\x64\debug\lstring.obj
j:\c\rayenginetest\lualib\x64\debug\lstate.obj
j:\c\rayenginetest\lualib\x64\debug\lparser.obj
j:\c\rayenginetest\lualib\x64\debug\loslib.obj
j:\c\rayenginetest\out\lualib.lib
j:\c\rayenginetest\lualib\x64\debug\lualib.tlog\cl.command.1.tlog
j:\c\rayenginetest\lualib\x64\debug\lualib.tlog\cl.items.tlog
j:\c\rayenginetest\lualib\x64\debug\lualib.tlog\cl.read.1.tlog
j:\c\rayenginetest\lualib\x64\debug\lualib.tlog\cl.write.1.tlog
j:\c\rayenginetest\lualib\x64\debug\lualib.tlog\lib-link.read.1.tlog
j:\c\rayenginetest\lualib\x64\debug\lualib.tlog\lib-link.write.1.tlog
j:\c\rayenginetest\lualib\x64\debug\lualib.tlog\lib.command.1.tlog
