j:\c\rayenginetest\rayengine\x64\debug\vc143.pdb
j:\c\rayenginetest\rayengine\x64\debug\vc143.idb
j:\c\rayenginetest\rayengine\x64\debug\brigeimgui.obj
j:\c\rayenginetest\rayengine\x64\debug\linit.obj
j:\c\rayenginetest\rayengine\x64\debug\lgc.obj
j:\c\rayenginetest\rayengine\x64\debug\lfunc.obj
j:\c\rayenginetest\rayengine\x64\debug\ldump.obj
j:\c\rayenginetest\rayengine\x64\debug\ldo.obj
j:\c\rayenginetest\rayengine\x64\debug\ldebug.obj
j:\c\rayenginetest\rayengine\x64\debug\ldblib.obj
j:\c\rayenginetest\rayengine\x64\debug\lctype.obj
j:\c\rayenginetest\rayengine\x64\debug\lcorolib.obj
j:\c\rayenginetest\rayengine\x64\debug\lcode.obj
j:\c\rayenginetest\rayengine\x64\debug\lbaselib.obj
j:\c\rayenginetest\rayengine\x64\debug\lauxlib.obj
j:\c\rayenginetest\rayengine\x64\debug\lapi.obj
j:\c\rayenginetest\rayengine\x64\debug\software_3d_core.obj
j:\c\rayenginetest\rayengine\x64\debug\meshrender.obj
j:\c\rayenginetest\rayengine\x64\debug\mainlayer.obj
j:\c\rayenginetest\rayengine\x64\debug\main.obj
j:\c\rayenginetest\rayengine\x64\debug\graphics.obj
j:\c\rayenginetest\rayengine\x64\debug\game.obj
j:\c\rayenginetest\rayengine\x64\debug\entity.obj
j:\c\rayenginetest\rayengine\x64\debug\lzio.obj
j:\c\rayenginetest\rayengine\x64\debug\lvm.obj
j:\c\rayenginetest\rayengine\x64\debug\lutf8lib.obj
j:\c\rayenginetest\rayengine\x64\debug\lundump.obj
j:\c\rayenginetest\rayengine\x64\debug\ltm.obj
j:\c\rayenginetest\rayengine\x64\debug\ltablib.obj
j:\c\rayenginetest\rayengine\x64\debug\ltable.obj
j:\c\rayenginetest\rayengine\x64\debug\lstrlib.obj
j:\c\rayenginetest\rayengine\x64\debug\lstring.obj
j:\c\rayenginetest\rayengine\x64\debug\lstate.obj
j:\c\rayenginetest\rayengine\x64\debug\lparser.obj
j:\c\rayenginetest\rayengine\x64\debug\loslib.obj
j:\c\rayenginetest\rayengine\x64\debug\lopcodes.obj
j:\c\rayenginetest\rayengine\x64\debug\lobject.obj
j:\c\rayenginetest\rayengine\x64\debug\loadlib.obj
j:\c\rayenginetest\rayengine\x64\debug\lmem.obj
j:\c\rayenginetest\rayengine\x64\debug\lmathlib.obj
j:\c\rayenginetest\rayengine\x64\debug\llex.obj
j:\c\rayenginetest\rayengine\x64\debug\liolib.obj
j:\c\rayenginetest\out\rayengine.exe
j:\c\rayenginetest\out\rayengine.pdb
j:\c\rayenginetest\rayengine\x64\debug\rayengine.ilk
j:\c\rayenginetest\rayengine\x64\debug\rayengine.tlog\cl.command.1.tlog
j:\c\rayenginetest\rayengine\x64\debug\rayengine.tlog\cl.items.tlog
j:\c\rayenginetest\rayengine\x64\debug\rayengine.tlog\cl.read.1.tlog
j:\c\rayenginetest\rayengine\x64\debug\rayengine.tlog\cl.write.1.tlog
j:\c\rayenginetest\rayengine\x64\debug\rayengine.tlog\link.command.1.tlog
j:\c\rayenginetest\rayengine\x64\debug\rayengine.tlog\link.read.1.tlog
j:\c\rayenginetest\rayengine\x64\debug\rayengine.tlog\link.secondary.1.tlog
j:\c\rayenginetest\rayengine\x64\debug\rayengine.tlog\link.write.1.tlog
